// Jest Snapshot v1, https://goo.gl/fbAQLP

exports[`#download resolves with torrent file ReadStream 1`] = `"d8:announce22:http://bt.t-ru.org/ann13:announce-listll22:http://bt.t-ru.org/annel31:http://retracker.local/announceee7:comment49:http://rutracker.org/forum/viewtopic.php?t=61605810:created by13:uTorrent/161013:creation datei1200744880e8:encoding5:UTF-84:infod5:filesld6:lengthi1265e4:pathl10:readme.txteed6:lengthi179712e4:pathl12:utorrent.exeeee4:name29:uTorrent 1.6.1 with DHT patch12:piece lengthi65536e6:pieces60:ÔøΩÔøΩ-\\\\ÿ¶ÔøΩÔøΩCÔøΩÔøΩ⁄öÔøΩZm\`ÔøΩÔøΩ2gÔøΩ(q\\\\ÔøΩFÔøΩaÔøΩdÔøΩÔøΩÔøΩÔøΩÔøΩ ’∏ÔøΩÔøΩ÷™pÔøΩTÔøΩÔøΩs]ÔøΩ[J>he9:publisher13:rutracker.org13:publisher-url49:http://rutracker.org/forum/viewtopic.php?t=616058e"`;

exports[`#search resolves with search results 1`] = `
Array [
  Torrent {
    "author": "sendoka",
    "category": "[–ê—É–¥–∏–æ] –ó–∞—Ä—É–±–µ–∂–Ω–∞—è –ª–∏—Ç–µ—Ä–∞—Ç—É—Ä–∞",
    "host": "http://rutracker.org",
    "id": "4386165",
    "leeches": 1,
    "seeds": 5,
    "size": 405442769,
    "state": "–ø—Ä–æ–≤–µ—Ä–µ–Ω–æ",
    "title": "–ë–µ—Ä–Ω–∞–Ω–æ—Å –ñ–æ—Ä–∂ - –î–Ω–µ–≤–Ω–∏–∫ —Å–µ–ª—å—Å–∫–æ–≥–æ —Å–≤—è—â–µ–Ω–Ω–∏–∫–∞ [–ê–ª–µ–∫—Å–µ–π –†–æ—Å—Å–æ—à–∞–Ω—Å–∫–∏–π, 2013, MP3, 64-192 kbps]",
  },
  Torrent {
    "author": "t–µko",
    "category": "–ê—Ä—Ç-—Ö–∞—É—Å –∏ –∞–≤—Ç–æ—Ä—Å–∫–æ–µ –∫–∏–Ω–æ",
    "host": "http://rutracker.org",
    "id": "4261022",
    "leeches": 0,
    "seeds": 15,
    "size": 2349328217,
    "state": "–ø—Ä–æ–≤–µ—Ä–µ–Ω–æ",
    "title": "–î–Ω–µ–≤–Ω–∏–∫ —Å–µ–ª—å—Å–∫–æ–≥–æ —Å–≤—è—â–µ–Ω–Ω–∏–∫–∞ / Journal d'un cure de campagne / Diary of a Country Priest (–†–æ–±–µ—Ä –ë—Ä–µ—Å—Å–æ–Ω / Robert Bresson) [1951, –§—Ä–∞–Ω—Ü–∏—è, –¥—Ä–∞–º–∞, DVDRip] VO + Sub Rus, eng + Original Fre",
  },
  Torrent {
    "author": "bm11",
    "category": "–ê—Ä—Ç-—Ö–∞—É—Å –∏ –∞–≤—Ç–æ—Ä—Å–∫–æ–µ –∫–∏–Ω–æ",
    "host": "http://rutracker.org",
    "id": "3458910",
    "leeches": 1,
    "seeds": 4,
    "size": 1565820928,
    "state": "–ø—Ä–æ–≤–µ—Ä–µ–Ω–æ",
    "title": "–î–Ω–µ–≤–Ω–∏–∫ —Å–µ–ª—å—Å–∫–æ–≥–æ —Å–≤—è—â–µ–Ω–Ω–∏–∫–∞ / Diary of a Country Priest (–†–æ–±–µ—Ä –ë—Ä–µ—Å—Å–æ–Ω / Robert Bresson) [1951, –§—Ä–∞–Ω—Ü–∏—è, –¥—Ä–∞–º–∞, DVDRip] VO",
  },
  Torrent {
    "author": "bm11",
    "category": "–ê—Ä—Ç-—Ö–∞—É—Å –∏ –∞–≤—Ç–æ—Ä—Å–∫–æ–µ –∫–∏–Ω–æ",
    "host": "http://rutracker.org",
    "id": "3460051",
    "leeches": 0,
    "seeds": 1,
    "size": 781086720,
    "state": "–ø—Ä–æ–≤–µ—Ä–µ–Ω–æ",
    "title": "–î–Ω–µ–≤–Ω–∏–∫ —Å–µ–ª—å—Å–∫–æ–≥–æ —Å–≤—è—â–µ–Ω–Ω–∏–∫–∞ / Diary of a Country Priest (–†–æ–±–µ—Ä –ë—Ä–µ—Å—Å–æ–Ω / Robert Bresson) [1951, –§—Ä–∞–Ω—Ü–∏—è, –¥—Ä–∞–º–∞, DVDRip] VO",
  },
  Torrent {
    "author": "Ariobarzan",
    "category": "–ê—Ä—Ç-—Ö–∞—É—Å –∏ –∞–≤—Ç–æ—Ä—Å–∫–æ–µ –∫–∏–Ω–æ",
    "host": "http://rutracker.org",
    "id": "3318320",
    "leeches": 0,
    "seeds": 3,
    "size": 733567810,
    "state": "–ø—Ä–æ–≤–µ—Ä–µ–Ω–æ",
    "title": "–î–Ω–µ–≤–Ω–∏–∫ —Å–µ–ª—å—Å–∫–æ–≥–æ —Å–≤—è—â–µ–Ω–Ω–∏–∫–∞ / Journal d‚Äôun cur&#233; de campagne / Diary of a Country Priest (–†–æ–±–µ—Ä –ë—Ä–µ—Å—Å–æ–Ω / Robert Bresson) [1951, –§—Ä–∞–Ω—Ü–∏—è, –î—Ä–∞–º–∞, DVDRip-AVC] Original + Sub (Rus, Eng)",
  },
  Torrent {
    "author": "anf1980",
    "category": "–ê—Ä—Ç-—Ö–∞—É—Å –∏ –∞–≤—Ç–æ—Ä—Å–∫–æ–µ –∫–∏–Ω–æ",
    "host": "http://rutracker.org",
    "id": "2960032",
    "leeches": 0,
    "seeds": 5,
    "size": 1591973410,
    "state": "–ø—Ä–æ–≤–µ—Ä–µ–Ω–æ",
    "title": "–î–Ω–µ–≤–Ω–∏–∫ —Å–µ–ª—å—Å–∫–æ–≥–æ —Å–≤—è—â–µ–Ω–Ω–∏–∫–∞ / Journal d'un cur&#233; de campagne (–†–æ–±–µ—Ä –ë—Ä–µ—Å—Å–æ–Ω / Robert Bresson) [1951, –§—Ä–∞–Ω—Ü–∏—è, –î—Ä–∞–º–∞, DVDRip-AVC] VO + original + sub",
  },
  Torrent {
    "author": "Jinnkeit",
    "category": "–ê—Ä—Ç-—Ö–∞—É—Å –∏ –∞–≤—Ç–æ—Ä—Å–∫–æ–µ –∫–∏–Ω–æ (DVD)",
    "host": "http://rutracker.org",
    "id": "958405",
    "leeches": 0,
    "seeds": 5,
    "size": 7315365888,
    "state": "–ø—Ä–æ–≤–µ—Ä–µ–Ω–æ",
    "title": "–î–Ω–µ–≤–Ω–∏–∫ —Å–µ–ª—å—Å–∫–æ–≥–æ —Å–≤—è—â–µ–Ω–Ω–∏–∫–∞ / Journal d'un cure de campagne / Diary of a Country Priest (–†–æ–±–µ—Ä –ë—Ä–µ—Å—Å–æ–Ω / Robert Bresson) [1951, –§—Ä–∞–Ω—Ü–∏—è, –¥—Ä–∞–º–∞, DVD9 (custom)] VO + original + sub, R1 Criterion",
  },
]
`;
